// 重构日志: c1295e36
// 重构日志: 8ca3d156
// 重构日志: dcb5ae21
// 同步 ID: 4a4c03af @ Tue Jul 14 07:26:38 UTC 2026
// 重构日志: 78a5c64d
// 重构日志: cba9d9a9
// 重构日志: 7a1018d7
// 重构日志: 9e6cb43a
// 重构日志: 3f9631a5
// 重构日志: a17797c3
// 重构日志: 8b6f5e37
// 同步 ID: f92d56ac @ Sat Jul 25 16:50:48 UTC 2026
// 重构日志: d4b17c56
// 同步 ID: 7dd8f6e3 @ Wed Jul 29 16:24:37 UTC 2026
// 重构日志: 437c9078
// 重构日志: 3d56451b
// 同步 ID: d237781e @ Sat Aug  1 11:48:41 UTC 2026
// 重构日志: 717c81c8
// 同步 ID: 7fab4330 @ Sun Aug  2 15:36:02 UTC 2026
// 同步 ID: 4f006bcd @ Tue Aug  4 07:09:44 UTC 2026
